src/components/feedback/FeedbackForm.tsx(14,5): error TS6133: 'partnerAvatar' is declared but its value is never read.
src/components/feedback/SessionHistoryList.tsx(3,18): error TS6133: 'RatingDisplay' is declared but its value is never read.
src/components/feedback/SessionHistorySidebar.tsx(2,20): error TS6133: 'User' is declared but its value is never read.
src/components/gamification/EditBadgeConditionModal.tsx(2,1): error TS6133: 'X' is declared but its value is never read.
src/examples/AvatarExamples.tsx(1,1): error TS6133: 'React' is declared but its value is never read.
src/pages/RequestSkill/index.ts(1,41): error TS2307: Cannot find module './RequestSkill/RequestSkill' or its corresponding type declarations.
